INFO:     Will watch for changes in these directories: ['/Users/sivajiapireddy/Documents/GitHub/dashboard_pro_mfa/backend']
INFO:     Uvicorn running on http://0.0.0.0:8080 (Press CTRL+C to quit)
INFO:     Started reloader process [53991] using WatchFiles
2025-11-18 03:20:22 - app.main - INFO - Loading configuration from: /Users/sivajiapireddy/Documents/GitHub/dashboard_pro_mfa/backend/app
2025-11-18 03:20:22 - app.main - INFO - Environment file path: /Users/sivajiapireddy/Documents/GitHub/dashboard_pro_mfa/backend/.env
2025-11-18 03:20:22 - app.main - INFO - RETELL_API_KEY found in environment
2025-11-18 03:20:22 - app.main - INFO - CORS middleware configured to allow all origins
2025-11-18 03:20:22 - app.main - INFO - API routers included successfully
2025-11-18 03:20:22 - app.main - INFO - Initializing Retell client...
2025-11-18 03:20:22 - app.main - INFO - Retell client initialized successfully
INFO:     Started server process [54062]
INFO:     Waiting for application startup.
2025-11-18 03:20:22 - app.main - INFO - ==================================================
2025-11-18 03:20:22 - app.main - INFO - Starting Zlavox API Stream
2025-11-18 03:20:22 - app.main - INFO - Environment: development
2025-11-18 03:20:22 - app.main - INFO - Working Directory: /Users/sivajiapireddy/Documents/GitHub/dashboard_pro_mfa/backend
2025-11-18 03:20:22 - app.main - INFO - Python Path: Not set
2025-11-18 03:20:22 - app.main - INFO - Port: 8080
2025-11-18 03:20:22 - app.main - INFO - ==================================================
2025-11-18 03:20:22 - app.main - INFO - Preparing for health checks...
2025-11-18 03:20:22 - app.main - INFO - Application ready for health checks
INFO:     Application startup complete.
2025-11-18 03:20:27 - app.main - INFO - Incoming GET request to http://localhost:8080/health
2025-11-18 03:20:27 - app.main - INFO - Request completed in 2.12ms with status 200
INFO:     127.0.0.1:49781 - "GET /health HTTP/1.1" 200 OK
2025-11-18 03:20:37 - app.main - INFO - Incoming GET request to http://localhost:8080/api/v1/calls
2025-11-18 03:20:37 - app.main - INFO - Request completed in 0.63ms with status 307
INFO:     127.0.0.1:49807 - "GET /api/v1/calls HTTP/1.1" 307 Temporary Redirect
2025-11-18 03:20:47 - app.main - INFO - Incoming GET request to http://localhost:8080/api/v1/calls
2025-11-18 03:20:47 - app.main - INFO - Request completed in 0.93ms with status 307
INFO:     127.0.0.1:49831 - "GET /api/v1/calls HTTP/1.1" 307 Temporary Redirect
2025-11-18 03:21:01 - app.main - INFO - Incoming GET request to http://localhost:8080/api/v1/calls/
2025-11-18 03:21:03 - app.main - INFO - Request completed in 2417.54ms with status 200
INFO:     127.0.0.1:49864 - "GET /api/v1/calls/ HTTP/1.1" 200 OK
2025-11-18 03:21:31 - app.main - INFO - Incoming GET request to http://localhost:8080/docs
2025-11-18 03:21:31 - app.main - INFO - Request completed in 1.27ms with status 200
INFO:     127.0.0.1:49925 - "GET /docs HTTP/1.1" 200 OK
2025-11-18 03:21:31 - app.main - INFO - Incoming GET request to http://localhost:8080/openapi.json
2025-11-18 03:21:32 - app.main - INFO - Request completed in 68.88ms with status 200
INFO:     127.0.0.1:49925 - "GET /openapi.json HTTP/1.1" 200 OK
2025-11-18 03:22:08 - app.main - INFO - Incoming POST request to http://localhost:8080/api/v1/calls/
2025-11-18 03:22:09 - app.main - INFO - Request completed in 851.78ms with status 200
INFO:     127.0.0.1:50016 - "POST /api/v1/calls/ HTTP/1.1" 200 OK
2025-11-18 03:22:17 - app.main - INFO - Incoming PUT request to http://localhost:8080/api/v1/calls/session-test-123
2025-11-18 03:22:18 - app.main - INFO - Request completed in 987.96ms with status 200
INFO:     127.0.0.1:50037 - "PUT /api/v1/calls/session-test-123 HTTP/1.1" 200 OK
2025-11-18 03:23:54 - app.main - INFO - Incoming GET request to http://localhost:8080/api/v1/calls/
2025-11-18 03:23:55 - app.main - INFO - Request completed in 762.39ms with status 200
INFO:     127.0.0.1:50224 - "GET /api/v1/calls/ HTTP/1.1" 200 OK
WARNING:  WatchFiles detected changes in 'app/db/models.py'. Reloading...
INFO:     Shutting down
INFO:     Waiting for application shutdown.
2025-11-18 03:24:07 - app.main - INFO - Shutting down Zlavox API Stream
INFO:     Application shutdown complete.
INFO:     Finished server process [54062]
WARNING:  WatchFiles detected changes in 'app/db/models.py'. Reloading...
2025-11-18 03:24:11 - app.main - INFO - Loading configuration from: /Users/sivajiapireddy/Documents/GitHub/dashboard_pro_mfa/backend/app
2025-11-18 03:24:11 - app.main - INFO - Environment file path: /Users/sivajiapireddy/Documents/GitHub/dashboard_pro_mfa/backend/.env
2025-11-18 03:24:11 - app.main - INFO - RETELL_API_KEY found in environment
2025-11-18 03:24:11 - app.main - INFO - CORS middleware configured to allow all origins
2025-11-18 03:24:11 - app.main - INFO - API routers included successfully
2025-11-18 03:24:11 - app.main - INFO - Initializing Retell client...
2025-11-18 03:24:11 - app.main - INFO - Retell client initialized successfully
INFO:     Started server process [56458]
INFO:     Waiting for application startup.
2025-11-18 03:24:11 - app.main - INFO - ==================================================
2025-11-18 03:24:11 - app.main - INFO - Starting Zlavox API Stream
2025-11-18 03:24:11 - app.main - INFO - Environment: development
2025-11-18 03:24:11 - app.main - INFO - Working Directory: /Users/sivajiapireddy/Documents/GitHub/dashboard_pro_mfa/backend
2025-11-18 03:24:11 - app.main - INFO - Python Path: Not set
2025-11-18 03:24:11 - app.main - INFO - Port: 8080
2025-11-18 03:24:11 - app.main - INFO - ==================================================
2025-11-18 03:24:11 - app.main - INFO - Preparing for health checks...
2025-11-18 03:24:11 - app.main - INFO - Application ready for health checks
INFO:     Application startup complete.
WARNING:  WatchFiles detected changes in 'app/db/models.py'. Reloading...
INFO:     Shutting down
INFO:     Waiting for application shutdown.
2025-11-18 03:24:36 - app.main - INFO - Shutting down Zlavox API Stream
INFO:     Application shutdown complete.
INFO:     Finished server process [56458]
2025-11-18 03:24:38 - app.main - INFO - Loading configuration from: /Users/sivajiapireddy/Documents/GitHub/dashboard_pro_mfa/backend/app
2025-11-18 03:24:38 - app.main - INFO - Environment file path: /Users/sivajiapireddy/Documents/GitHub/dashboard_pro_mfa/backend/.env
2025-11-18 03:24:38 - app.main - INFO - RETELL_API_KEY found in environment
2025-11-18 03:24:38 - app.main - INFO - CORS middleware configured to allow all origins
2025-11-18 03:24:38 - app.main - INFO - API routers included successfully
2025-11-18 03:24:38 - app.main - INFO - Initializing Retell client...
2025-11-18 03:24:38 - app.main - INFO - Retell client initialized successfully
INFO:     Started server process [56509]
INFO:     Waiting for application startup.
2025-11-18 03:24:38 - app.main - INFO - ==================================================
2025-11-18 03:24:38 - app.main - INFO - Starting Zlavox API Stream
2025-11-18 03:24:38 - app.main - INFO - Environment: development
2025-11-18 03:24:38 - app.main - INFO - Working Directory: /Users/sivajiapireddy/Documents/GitHub/dashboard_pro_mfa/backend
2025-11-18 03:24:38 - app.main - INFO - Python Path: Not set
2025-11-18 03:24:38 - app.main - INFO - Port: 8080
2025-11-18 03:24:38 - app.main - INFO - ==================================================
2025-11-18 03:24:38 - app.main - INFO - Preparing for health checks...
2025-11-18 03:24:38 - app.main - INFO - Application ready for health checks
INFO:     Application startup complete.
